

@S |Clock Optimization Summary


#### START OF CLOCK OPTIMIZATION REPORT #####[

2 non-gated/non-generated clock tree(s) driving 4 clock pin(s) of sequential element(s)
1 gated/generated clock tree(s) driving 620 clock pin(s) of sequential element(s)
0 instances converted, 620 sequential instances remain driven by gated/generated clocks

=========================================== Non-Gated/Non-Generated Clocks ============================================
Clock Tree ID     Driving Element               Drive Element Type     Fanout     Sample Instance                      
-----------------------------------------------------------------------------------------------------------------------
@K:CKID0002       delay_hc_input_ibuf_gb_io     SB_GB_IO               2          delay_measurement_inst.start_timer_hc
@K:CKID0003       delay_tr_input_ibuf_gb_io     SB_GB_IO               2          delay_measurement_inst.start_timer_tr
=======================================================================================================================
====================================================================================================================== Gated/Generated Clocks ======================================================================================================================
Clock Tree ID     Driving Element                                 Drive Element Type     Fanout     Sample Instance                   Explanation                                                                                                                   
--------------------------------------------------------------------------------------------------------------------------------------------------------------------------------------------------------------------------------------------------------------------
@K:CKID0001       pll_inst.ICE40_MAIN_PROGRAM_100MHZ_pll_inst     SB_PLL40_CORE          620        pwm_generator_inst.counter[9]     Gating structure creates improper gating logic. See the Gated Clocks description in the user guide for conversion requirements
====================================================================================================================================================================================================================================================================


##### END OF CLOCK OPTIMIZATION REPORT ######]

